<html>
<body>
<pre>
<h1>µVision Build Log</h1>
<h2>Project:</h2>
D:\Old data 26-11-2020\Desktop\junior computer and systems engineering\second term\embedded\project\project.uvproj
Project File Date:  06/02/2021

<h2>Output:</h2>
Rebuild target 'Target 1'
assembling startup_TM4C123.s...
compiling distance.c...
distance.c(65): warning:  #1-D: last line of file ends without a newline
  }
distance.c: 1 warning, 0 errors
linking...
Program Size: Code=12020 RO-data=1220 RW-data=0 ZI-data=608  
".\project.axf" - 0 Error(s), 1 Warning(s).
compiling distance.c...
distance.c(65): warning:  #1-D: last line of file ends without a newline
  }
distance.c: 1 warning, 0 errors
"distance.c" - 0 Error(s), 1 Warning(s).
* cos(degToRad(latitude2) )* cos(degToRad(latitude1)); 
distance.c(34): warning:  #223-D: function "atan2" declared implicitly
    double c = 2 * atan2(sqrt(a),sqrt(1-a)); 
distance.c(34): warning:  #223-D: function "sqrt" declared implicitly
    double c = 2 * atan2(sqrt(a),sqrt(1-a)); 
distance.c(43): warning:  #223-D: function "fabs" declared implicitly
      while (fabs(acc) > .00000001 &&   i < 100){
distance.c(63): warning:  #1-D: last line of file ends without a newline
  }
distance.c: 6 warnings, 0 errors
linking...
Program Size: Code=11780 RO-data=1220 RW-data=0 ZI-data=608  
".\project.axf" - 0 Error(s), 6 Warning(s).
compiling distance.c...
distance.c(64): warning:  #1-D: last line of file ends without a newline
  }
distance.c: 1 warning, 0 errors
"distance.c" - 0 Error(s), 1 Warning(s).
ude2-longitude1)/2),2) * cos(degToRad(latitude2) )* cos(degToRad(latitude1)); 
distance.c(33): warning:  #223-D: function "cos" declared implicitly
    double a =  pow(sin(degToRad(latitude2-latitude1)/2),2)+ pow(sin(degToRad(longitude2-longitude1)/2),2) * cos(degToRad(latitude2) )* cos(degToRad(latitude1)); 
distance.c(34): warning:  #223-D: function "atan2" declared implicitly
    double c = 2 * atan2(sqrt(a),sqrt(1-a)); 
distance.c(34): warning:  #223-D: function "sqrt" declared implicitly
    double c = 2 * atan2(sqrt(a),sqrt(1-a)); 
distance.c(43): warning:  #223-D: function "fabs" declared implicitly
      while (fabs(acc) > .00000001 &&   i < 100){
distance.c(63): warning:  #1-D: last line of file ends without a newline
  }
distance.c: 6 warnings, 0 errors
"distance.c" - 0 Error(s), 6 Warning(s).
